
> temadataportal@1.0.0 build-viewer
> cd react-viewer-app && npm run build && powershell -Command "Copy-Item -Recurse -Force dist/* ../html/cesium-viewer; Copy-Item -Recurse -Force ../html/cesium-viewer/html/cesium-viewer/cesium ../html/cesium-viewer -ErrorAction SilentlyContinue"


> cesium-discovery-app@0.0.0 build
> tsc && vite build

src/pages/DiscoveryPage.tsx(31,1): error TS6133: 'api' is declared but its value is never read.
src/pages/DiscoveryPage.tsx(46,7): error TS6133: 'toGeoJSON' is declared but its value is never read.
